- ''
- cc-pdm-1.0 AND commercial-license AND free-unknown AND gpl-2.0 AND gpl-2.0-plus AND lgpl-2.1-plus
  AND unknown AND warranty-disclaimer
- Copyright 2003-2009 Intel Corporation
