- ''
- unknown AND warranty-disclaimer
- Copyright (c) 2015, Cavium, Inc.
