- ''
- cc-pdm-1.0 AND commercial-license AND free-unknown AND proprietary-license AND unknown AND
  warranty-disclaimer
- Copyright 2003-2006 Hauppauge
